// Jest Snapshot v1, https://goo.gl/fbAQLP

exports[`Settings renders with strange characters in display name 1`] = `
<div>
  <div
    class="sc-ckVGcZ dbUHn"
    id="db-settings"
  >
    <h4
      class="sc-jKJlTe hMgJZm"
    >
      Browser Settings
    </h4>
    <div
      class="sc-iAyFgw mmJws"
    >
      <div
        class="sc-kEYyzF fIIWFC"
      >
        <div
          class="sc-kkGfuU fqDSiG"
        >
          <h5
            class="sc-hMqMXs eRgQj"
          >
            Test åäö settings
          </h5>
          <div
            class="sc-jWBwVP cLuGZv"
          >
            <label
              class="sc-brqgnP jpgGAL"
              title=""
            >
              åäö üüü
              <input
                class="sc-jAaTju ePWwEZ testSetting"
                data-testid="setting-testSetting"
                title=""
                value="true"
              />
            </label>
          </div>
          <h5
            class="sc-hMqMXs eRgQj"
          >
            Product Analytics
          </h5>
        </div>
        <div
          class="sc-kkGfuU fqDSiG"
        />
      </div>
    </div>
  </div>
</div>
`;
