// Jest Snapshot v1, https://goo.gl/fbAQLP

exports[`Settings renders with strange characters in display name 1`] = `
<div>
  <div
    class="sc-hBUSln bQqmXe"
    id="db-settings"
  >
    <h4
      class="sc-fotOHu cTGChz"
    >
      Browser Settings
    </h4>
    <div
      class="sc-hGPBjI cOmEBB"
    >
      <div
        class="sc-ieecCq dJlnEv"
      >
        <div
          class="sc-dJjYzT cuWWHR"
        >
          <h5
            class="sc-bkkeKt gISHZP"
          >
            Test åäö settings
          </h5>
          <div
            class="sc-bBHxTw heOQhu"
          >
            <label
              class="sc-iwjdpV hktVnt"
              title=""
            >
              åäö üüü
              <input
                class="sc-llYSUQ gDEHdM testSetting"
                data-testid="setting-testSetting"
                title=""
                value="true"
              />
            </label>
          </div>
          <h5
            class="sc-bkkeKt gISHZP"
          >
            Product Analytics
          </h5>
        </div>
        <div
          class="sc-dJjYzT cuWWHR"
        />
      </div>
    </div>
  </div>
</div>
`;
