// Jest Snapshot v1, https://goo.gl/fbAQLP

exports[`Visualization renders empty content 1`] = `<div />`;
