// Jest Snapshot v1, https://goo.gl/fbAQLP

exports[`ErrorsStatusbar displays error 1`] = `
<div>
  <div
    class="sc-caiLqq fMgVMN"
  >
    <span
      class="sc-jQrDum jvqQNt"
      title="Test.Error: Test error description"
    >
      <i
        class="sc-cidDSM fzlVKB fa fa-exclamation-triangle"
        style="line-height: inherit;"
      />
       
      Test.Error: Test error description
    </span>
  </div>
</div>
`;

exports[`ErrorsStatusbar displays nothing if no error 1`] = `<div />`;
