// Jest Snapshot v1, https://goo.gl/fbAQLP

exports[`PlanViews PlanStatusbar displays statusBarMessage 1`] = `
<div>
  <div
    class="styled__StyledStatsBar-sc-1dtvgs1-32 styled__StyledOneRowStatsBar-sc-1dtvgs1-33 dkmnzU"
  >
    <div
      class="styled__StyledLeftPartial-sc-1dtvgs1-42 cEQgJw"
    >
      <div
        class="Ellipsis-sc-1dn9bou-0 gzqRPC"
      >
        Cypher version: 
        xx0
        , planner: 
        xx1
        , runtime: 
        xx2
        .
         xx3 total db hits in 120 ms.
      </div>
    </div>
    <div
      class="styled__StyledRightPartial-sc-1dtvgs1-41 zWSxr"
    >
      <ul
        class="styled__FrameTitlebarButtonSection-sc-1dtvgs1-10 dRnwVT"
      >
        <li
          class="buttons__StyledFrameButton-sc-3xi0d5-10 cajKMw"
          data-testid="planCollapseButton"
        >
          <i
            class="sl-double-up IconContainer__I-sc-16whwc5-0 bXwiKG"
          />
        </li>
        <li
          class="buttons__StyledFrameButton-sc-3xi0d5-10 cajKMw"
          data-testid="planExpandButton"
        >
          <i
            class="sl-double-down IconContainer__I-sc-16whwc5-0 bXwiKG"
          />
        </li>
      </ul>
    </div>
  </div>
</div>
`;
